// Jest Snapshot v1, https://goo.gl/fbAQLP

exports[`Pruebas en FirstApp should match with the snapshot 1`] = `
<div>
  <h1>
    Hola, Soy Goku
  </h1>
  <p>
    No hay subtitulo
  </p>
  <p>
    Chris Montes
  </p>
</div>
`;
